// Vitest Snapshot v1, https://vitest.dev/guide/snapshot.html

exports[`LeetCodeService > filterQuestions > filters by topic (case-insensitive) 1`] = `
[
  {
    "acRate": 40,
    "difficulty": "medium",
    "id": 2,
    "isPaid": true,
    "title": "Add Two Numbers",
    "topics": [
      "Linked List",
      "Math",
    ],
    "url": "https://leetcode.com/problems/add-two-numbers",
  },
]
`;

exports[`LeetCodeService > filterQuestions > returns all problems except paid-only if no filters provided 1`] = `
[
  {
    "acRate": 50,
    "difficulty": "easy",
    "id": 1,
    "isPaid": false,
    "title": "Two Sum",
    "topics": [
      "Array",
      "Hash Table",
    ],
    "url": "https://leetcode.com/problems/two-sum",
  },
  {
    "acRate": 35,
    "difficulty": "hard",
    "id": 3,
    "isPaid": false,
    "title": "LRU Cache",
    "topics": [
      "Design",
      "Hash Table",
    ],
    "url": "https://leetcode.com/problems/lru-cache",
  },
]
`;
